// Jest Snapshot v1, https://goo.gl/fbAQLP

exports[`App component renders App 1`] = `
<BrowserRouter>
  <ArtistSearch />
  <Switch>
    <Route
      component={[Function]}
      path="/artists/:id"
    />
  </Switch>
</BrowserRouter>
`;
